I just read and inserted 30 islands
Removed 10 islands and printed to file
Done!
