And now a message from your friendly local hash function: hello!
