P1 5.5 - P2 4.5
P1 6.5 - P3 3.5
P2 6.5 - P3 3.5
P1 6.0 - P4 4.0
P3 6.0 - P4 4.0
