entry1 8.0 - entry2 7.0
entry3 9.5 - entry1 5.5
entry4 8.5 - entry1 6.5
entry1 7.5 - entry5 7.5
entry1 8.0 - entry6 7.0
entry1 8.0 - entry7 7.0
entry1 8.0 - entry8 7.0
entry9 8.5 - entry1 6.5
entry1 8.0 - entry10 7.0
entry11 9.5 - entry1 5.5
entry1 8.0 - entry12 7.0
entry1 8.5 - entry13 6.5
entry1 9.0 - entry14 6.0
entry15 8.5 - entry1 6.5
entry1 9.0 - entry16 6.0
entry1 10.0 - entry17 5.0
entry1 8.0 - entry18 7.0
entry1 8.5 - entry19 6.5
entry20 9.5 - entry1 5.5
entry1 8.5 - entry21 6.5
entry1 10.0 - entry22 5.0
entry23 9.5 - entry1 5.5
entry1 8.0 - entry24 7.0
entry1 10.0 - entry25 5.0
entry1 10.0 - entry26 5.0
entry1 14.0 - entry27 1.0
entry28 12.0 - entry1 3.0
entry1 10.0 - entry29 5.0
entry1 8.0 - entry30 7.0
entry1 10.5 - entry31 4.5
entry1 9.5 - entry32 5.5
entry1 8.0 - entry33 7.0
entry1 9.5 - entry34 5.5
entry35 10.0 - entry1 5.0
entry1 9.5 - entry36 5.5
entry37 12.0 - entry1 3.0
entry38 9.5 - entry1 5.5
entry1 8.0 - entry39 7.0
entry3 9.0 - entry2 6.0
entry4 10.0 - entry2 5.0
entry2 9.5 - entry5 5.5
entry6 10.5 - entry2 4.5
entry2 7.5 - entry7 7.5
entry8 11.0 - entry2 4.0
entry9 8.0 - entry2 7.0
entry10 11.0 - entry2 4.0
entry2 10.0 - entry11 5.0
entry2 10.0 - entry12 5.0
entry13 8.0 - entry2 7.0
entry14 8.0 - entry2 7.0
entry15 8.0 - entry2 7.0
entry16 8.0 - entry2 7.0
entry17 8.0 - entry2 7.0
entry18 10.0 - entry2 5.0
entry2 9.5 - entry19 5.5
entry2 10.0 - entry20 5.0
entry2 7.5 - entry21 7.5
entry22 8.5 - entry2 6.5
entry2 10.0 - entry23 5.0
entry24 9.5 - entry2 5.5
entry25 10.5 - entry2 4.5
entry2 9.5 - entry26 5.5
entry2 11.5 - entry27 3.5
entry28 9.0 - entry2 6.0
entry2 8.5 - entry29 6.5
entry30 11.0 - entry2 4.0
entry31 8.5 - entry2 6.5
entry32 8.0 - entry2 7.0
entry33 9.0 - entry2 6.0
entry34 10.5 - entry2 4.5
entry2 10.0 - entry35 5.0
entry2 10.0 - entry36 5.0
entry2 7.5 - entry37 7.5
entry2 8.5 - entry38 6.5
entry39 8.0 - entry2 7.0
entry3 7.5 - entry4 7.5
entry3 8.0 - entry5 7.0
entry6 10.0 - entry3 5.0
entry3 8.0 - entry7 7.0
entry3 8.5 - entry8 6.5
entry3 8.5 - entry9 6.5
entry3 8.5 - entry10 6.5
entry11 9.0 - entry3 6.0
entry3 8.5 - entry12 6.5
entry3 8.0 - entry13 7.0
entry3 7.5 - entry14 7.5
entry15 8.0 - entry3 7.0
entry3 9.0 - entry16 6.0
entry3 8.0 - entry17 7.0
entry3 8.5 - entry18 6.5
entry3 7.5 - entry19 7.5
entry20 9.0 - entry3 6.0
entry21 9.0 - entry3 6.0
entry22 8.0 - entry3 7.0
entry23 9.0 - entry3 6.0
entry3 9.0 - entry24 6.0
entry3 10.5 - entry25 4.5
entry3 7.5 - entry26 7.5
entry3 14.0 - entry27 1.0
entry28 8.5 - entry3 6.5
entry29 8.0 - entry3 7.0
entry3 10.5 - entry30 4.5
entry3 9.0 - entry31 6.0
entry32 8.0 - entry3 7.0
entry3 8.5 - entry33 6.5
entry34 8.5 - entry3 6.5
entry35 9.0 - entry3 6.0
entry3 10.0 - entry36 5.0
entry37 12.0 - entry3 3.0
entry3 8.0 - entry38 7.0
entry39 9.5 - entry3 5.5
entry4 8.0 - entry5 7.0
entry6 10.0 - entry4 5.0
entry7 10.0 - entry4 5.0
entry8 9.0 - entry4 6.0
entry9 9.0 - entry4 6.0
entry10 9.0 - entry4 6.0
entry11 9.0 - entry4 6.0
entry12 9.0 - entry4 6.0
entry4 9.5 - entry13 5.5
entry14 9.5 - entry4 5.5
entry15 8.0 - entry4 7.0
entry16 9.5 - entry4 5.5
entry4 11.0 - entry17 4.0
entry18 9.5 - entry4 5.5
entry4 9.0 - entry19 6.0
entry20 9.0 - entry4 6.0
entry4 9.0 - entry21 6.0
entry4 10.0 - entry22 5.0
entry23 9.0 - entry4 6.0
entry24 10.0 - entry4 5.0
entry25 8.0 - entry4 7.0
entry4 10.5 - entry26 4.5
entry4 14.0 - entry27 1.0
entry4 7.5 - entry28 7.5
entry4 10.0 - entry29 5.0
entry4 9.5 - entry30 5.5
entry4 10.5 - entry31 4.5
entry4 10.0 - entry32 5.0
entry33 9.0 - entry4 6.0
entry4 9.0 - entry34 6.0
entry35 9.0 - entry4 6.0
entry4 10.0 - entry36 5.0
entry37 11.0 - entry4 4.0
entry4 8.0 - entry38 7.0
entry39 9.0 - entry4 6.0
entry6 8.0 - entry5 7.0
entry7 8.0 - entry5 7.0
entry8 8.0 - entry5 7.0
entry9 8.0 - entry5 7.0
entry10 8.0 - entry5 7.0
entry5 8.5 - entry11 6.5
entry12 10.5 - entry5 4.5
entry13 12.0 - entry5 3.0
entry14 8.0 - entry5 7.0
entry5 8.5 - entry15 6.5
entry16 8.0 - entry5 7.0
entry17 12.0 - entry5 3.0
entry18 8.0 - entry5 7.0
entry19 8.5 - entry5 6.5
entry20 11.5 - entry5 3.5
entry5 10.0 - entry21 5.0
entry22 12.0 - entry5 3.0
entry23 10.5 - entry5 4.5
entry24 10.0 - entry5 5.0
entry25 8.0 - entry5 7.0
entry26 8.5 - entry5 6.5
entry5 10.5 - entry27 4.5
entry28 8.0 - entry5 7.0
entry29 8.5 - entry5 6.5
entry30 8.0 - entry5 7.0
entry5 9.5 - entry31 5.5
entry5 8.5 - entry32 6.5
entry33 8.0 - entry5 7.0
entry34 8.0 - entry5 7.0
entry35 8.0 - entry5 7.0
entry5 8.5 - entry36 6.5
entry37 8.0 - entry5 7.0
entry5 8.5 - entry38 6.5
entry5 8.5 - entry39 6.5
entry7 10.5 - entry6 4.5
entry8 8.0 - entry6 7.0
entry6 8.0 - entry9 7.0
entry10 8.0 - entry6 7.0
entry11 9.0 - entry6 6.0
entry12 9.0 - entry6 6.0
entry6 8.0 - entry13 7.0
entry14 10.5 - entry6 4.5
entry15 8.0 - entry6 7.0
entry6 8.0 - entry16 7.0
entry6 8.0 - entry17 7.0
entry18 8.0 - entry6 7.0
entry6 8.0 - entry19 7.0
entry20 9.0 - entry6 6.0
entry21 9.0 - entry6 6.0
entry6 7.5 - entry22 7.5
entry23 9.0 - entry6 6.0
entry24 9.5 - entry6 5.5
entry6 7.5 - entry25 7.5
entry6 8.0 - entry26 7.0
entry6 14.0 - entry27 1.0
entry6 10.0 - entry28 5.0
entry29 8.0 - entry6 7.0
entry6 12.0 - entry30 3.0
entry6 9.0 - entry31 6.0
entry32 8.0 - entry6 7.0
entry6 10.0 - entry33 5.0
entry34 9.5 - entry6 5.5
entry35 9.0 - entry6 6.0
entry6 10.0 - entry36 5.0
entry6 7.5 - entry37 7.5
entry6 10.0 - entry38 5.0
entry39 10.5 - entry6 4.5
entry7 9.0 - entry8 6.0
entry9 8.0 - entry7 7.0
entry7 9.0 - entry10 6.0
entry7 8.0 - entry11 7.0
entry12 9.0 - entry7 6.0
entry7 8.0 - entry13 7.0
entry7 10.0 - entry14 5.0
entry15 8.0 - entry7 7.0
entry16 8.0 - entry7 7.0
entry7 8.0 - entry17 7.0
entry7 8.5 - entry18 6.5
entry7 8.0 - entry19 7.0
entry20 9.0 - entry7 6.0
entry7 8.0 - entry21 7.0
entry7 7.5 - entry22 7.5
entry23 9.0 - entry7 6.0
entry7 7.5 - entry24 7.5
entry25 10.5 - entry7 4.5
entry7 8.0 - entry26 7.0
entry7 14.0 - entry27 1.0
entry28 8.0 - entry7 7.0
entry29 8.0 - entry7 7.0
entry7 9.0 - entry30 6.0
entry7 9.0 - entry31 6.0
entry32 8.0 - entry7 7.0
entry33 8.0 - entry7 7.0
entry34 9.5 - entry7 5.5
entry7 8.0 - entry35 7.0
entry7 10.0 - entry36 5.0
entry7 7.5 - entry37 7.5
entry38 8.0 - entry7 7.0
entry39 10.0 - entry7 5.0
entry9 9.0 - entry8 6.0
entry8 7.5 - entry10 7.5
entry11 9.0 - entry8 6.0
entry12 9.0 - entry8 6.0
entry8 8.0 - entry13 7.0
entry14 12.0 - entry8 3.0
entry15 8.0 - entry8 7.0
entry16 10.5 - entry8 4.5
entry8 8.0 - entry17 7.0
entry18 9.0 - entry8 6.0
entry8 8.0 - entry19 7.0
entry20 9.0 - entry8 6.0
entry21 9.0 - entry8 6.0
entry8 8.0 - entry22 7.0
entry23 9.0 - entry8 6.0
entry8 8.5 - entry24 6.5
entry25 8.5 - entry8 6.5
entry8 8.0 - entry26 7.0
entry8 14.0 - entry27 1.0
entry8 8.0 - entry28 7.0
entry8 8.0 - entry29 7.0
entry8 10.5 - entry30 4.5
entry8 9.5 - entry31 5.5
entry32 8.0 - entry8 7.0
entry33 10.5 - entry8 4.5
entry34 8.0 - entry8 7.0
entry35 9.0 - entry8 6.0
entry8 10.0 - entry36 5.0
entry37 10.0 - entry8 5.0
entry8 8.0 - entry38 7.0
entry39 12.0 - entry8 3.0
entry9 9.0 - entry10 6.0
entry11 9.0 - entry9 6.0
entry9 8.5 - entry12 6.5
entry9 7.5 - entry13 7.5
entry14 9.0 - entry9 6.0
entry15 8.0 - entry9 7.0
entry9 8.0 - entry16 7.0
entry9 7.5 - entry17 7.5
entry9 8.5 - entry18 6.5
entry19 8.0 - entry9 7.0
entry20 9.0 - entry9 6.0
entry21 9.0 - entry9 6.0
entry22 8.0 - entry9 7.0
entry23 9.0 - entry9 6.0
entry24 8.5 - entry9 6.5
entry9 9.0 - entry25 6.0
entry26 8.0 - entry9 7.0
entry9 14.0 - entry27 1.0
entry28 9.5 - entry9 5.5
entry29 8.0 - entry9 7.0
entry9 9.0 - entry30 6.0
entry9 9.0 - entry31 6.0
entry32 8.0 - entry9 7.0
entry9 9.5 - entry33 5.5
entry34 8.5 - entry9 6.5
entry35 9.5 - entry9 5.5
entry9 10.0 - entry36 5.0
entry37 8.0 - entry9 7.0
entry9 10.0 - entry38 5.0
entry39 9.5 - entry9 5.5
entry11 9.0 - entry10 6.0
entry12 9.0 - entry10 6.0
entry10 8.0 - entry13 7.0
entry14 12.0 - entry10 3.0
entry15 8.0 - entry10 7.0
entry16 10.5 - entry10 4.5
entry10 8.0 - entry17 7.0
entry18 9.0 - entry10 6.0
entry10 8.0 - entry19 7.0
entry20 9.0 - entry10 6.0
entry21 9.0 - entry10 6.0
entry10 8.0 - entry22 7.0
entry23 9.0 - entry10 6.0
entry10 8.5 - entry24 6.5
entry25 8.5 - entry10 6.5
entry10 8.0 - entry26 7.0
entry10 14.0 - entry27 1.0
entry10 8.0 - entry28 7.0
entry10 8.0 - entry29 7.0
entry10 10.5 - entry30 4.5
entry10 9.5 - entry31 5.5
entry32 8.0 - entry10 7.0
entry33 10.5 - entry10 4.5
entry34 8.0 - entry10 7.0
entry35 9.0 - entry10 6.0
entry10 10.0 - entry36 5.0
entry37 10.0 - entry10 5.0
entry10 8.0 - entry38 7.0
entry39 12.0 - entry10 3.0
entry11 9.5 - entry12 5.5
entry13 10.0 - entry11 5.0
entry14 8.0 - entry11 7.0
entry11 10.5 - entry15 4.5
entry11 9.0 - entry16 6.0
entry17 10.0 - entry11 5.0
entry11 9.0 - entry18 6.0
entry19 9.0 - entry11 6.0
entry11 8.5 - entry20 6.5
entry11 7.5 - entry21 7.5
entry22 10.0 - entry11 5.0
entry11 9.5 - entry23 5.5
entry24 10.0 - entry11 5.0
entry11 9.0 - entry25 6.0
entry26 9.0 - entry11 6.0
entry11 13.0 - entry27 2.0
entry11 9.0 - entry28 6.0
entry29 9.0 - entry11 6.0
entry11 9.0 - entry30 6.0
entry11 9.0 - entry31 6.0
entry32 9.5 - entry11 5.5
entry11 9.0 - entry33 6.0
entry11 9.0 - entry34 6.0
entry11 8.5 - entry35 6.5
entry11 8.5 - entry36 6.5
entry11 12.0 - entry37 3.0
entry38 9.5 - entry11 5.5
entry11 8.5 - entry39 6.5
entry12 9.0 - entry13 6.0
entry12 9.0 - entry14 6.0
entry15 9.5 - entry12 5.5
entry12 9.0 - entry16 6.0
entry17 8.0 - entry12 7.0
entry12 9.0 - entry18 6.0
entry12 10.0 - entry19 5.0
entry20 9.0 - entry12 6.0
entry12 9.5 - entry21 5.5
entry12 9.0 - entry22 6.0
entry23 8.0 - entry12 7.0
entry12 9.0 - entry24 6.0
entry12 9.0 - entry25 6.0
entry12 8.0 - entry26 7.0
entry12 11.5 - entry27 3.5
entry28 11.0 - entry12 4.0
entry12 10.0 - entry29 5.0
entry12 9.0 - entry30 6.0
entry12 9.0 - entry31 6.0
entry32 9.5 - entry12 5.5
entry12 9.0 - entry33 6.0
entry34 8.5 - entry12 6.5
entry35 11.0 - entry12 4.0
entry36 8.0 - entry12 7.0
entry37 9.5 - entry12 5.5
entry38 9.5 - entry12 5.5
entry12 8.0 - entry39 7.0
entry14 8.0 - entry13 7.0
entry15 8.0 - entry13 7.0
entry16 8.0 - entry13 7.0
entry13 9.5 - entry17 5.5
entry18 8.0 - entry13 7.0
entry13 8.5 - entry19 6.5
entry20 8.0 - entry13 7.0
entry13 13.0 - entry21 2.0
entry13 11.0 - entry22 4.0
entry23 9.0 - entry13 6.0
entry24 8.0 - entry13 7.0
entry25 8.0 - entry13 7.0
entry13 10.0 - entry26 5.0
entry13 14.0 - entry27 1.0
entry28 8.0 - entry13 7.0
entry13 10.0 - entry29 5.0
entry30 8.0 - entry13 7.0
entry13 10.5 - entry31 4.5
entry13 10.0 - entry32 5.0
entry13 7.5 - entry33 7.5
entry34 8.0 - entry13 7.0
entry13 8.5 - entry35 6.5
entry13 10.0 - entry36 5.0
entry37 8.0 - entry13 7.0
entry13 10.0 - entry38 5.0
entry13 10.0 - entry39 5.0
entry15 8.0 - entry14 7.0
entry14 8.5 - entry16 6.5
entry14 8.0 - entry17 7.0
entry14 7.5 - entry18 7.5
entry14 7.5 - entry19 7.5
entry20 9.0 - entry14 6.0
entry14 8.0 - entry21 7.0
entry22 8.0 - entry14 7.0
entry23 9.0 - entry14 6.0
entry14 8.0 - entry24 7.0
entry25 8.0 - entry14 7.0
entry14 7.5 - entry26 7.5
entry14 14.0 - entry27 1.0
entry14 7.5 - entry28 7.5
entry29 8.0 - entry14 7.0
entry14 12.0 - entry30 3.0
entry14 9.0 - entry31 6.0
entry32 8.0 - entry14 7.0
entry14 8.0 - entry33 7.0
entry34 11.0 - entry14 4.0
entry14 8.0 - entry35 7.0
entry14 10.0 - entry36 5.0
entry37 8.0 - entry14 7.0
entry14 10.0 - entry38 5.0
entry39 8.5 - entry14 6.5
entry15 8.0 - entry16 7.0
entry15 8.0 - entry17 7.0
entry15 8.0 - entry18 7.0
entry15 9.0 - entry19 6.0
entry20 9.0 - entry15 6.0
entry15 8.5 - entry21 6.5
entry15 8.0 - entry22 7.0
entry23 8.0 - entry15 7.0
entry15 8.0 - entry24 7.0
entry15 8.0 - entry25 7.0
entry15 9.0 - entry26 6.0
entry15 11.0 - entry27 4.0
entry15 8.0 - entry28 7.0
entry15 9.0 - entry29 6.0
entry15 8.0 - entry30 7.0
entry15 10.0 - entry31 5.0
entry32 8.5 - entry15 6.5
entry15 8.0 - entry33 7.0
entry15 10.0 - entry34 5.0
entry35 9.5 - entry15 5.5
entry36 8.5 - entry15 6.5
entry15 8.0 - entry37 7.0
entry38 10.5 - entry15 4.5
entry15 9.5 - entry39 5.5
entry16 8.0 - entry17 7.0
entry16 10.5 - entry18 4.5
entry16 7.5 - entry19 7.5
entry20 9.0 - entry16 6.0
entry21 9.0 - entry16 6.0
entry22 8.0 - entry16 7.0
entry23 9.0 - entry16 6.0
entry16 8.0 - entry24 7.0
entry16 8.0 - entry25 7.0
entry16 7.5 - entry26 7.5
entry16 14.0 - entry27 1.0
entry16 7.5 - entry28 7.5
entry29 8.0 - entry16 7.0
entry16 10.5 - entry30 4.5
entry16 9.0 - entry31 6.0
entry32 8.0 - entry16 7.0
entry33 8.5 - entry16 6.5
entry34 11.0 - entry16 4.0
entry35 9.0 - entry16 6.0
entry16 10.0 - entry36 5.0
entry37 8.0 - entry16 7.0
entry16 10.0 - entry38 5.0
entry39 12.0 - entry16 3.0
entry18 8.0 - entry17 7.0
entry17 11.0 - entry19 4.0
entry17 9.0 - entry20 6.0
entry17 10.0 - entry21 5.0
entry17 7.5 - entry22 7.5
entry17 10.0 - entry23 5.0
entry24 8.0 - entry17 7.0
entry25 8.0 - entry17 7.0
entry17 9.0 - entry26 6.0
entry17 14.0 - entry27 1.0
entry28 8.0 - entry17 7.0
entry17 11.0 - entry29 4.0
entry30 8.0 - entry17 7.0
entry17 9.0 - entry31 6.0
entry32 8.0 - entry17 7.0
entry17 7.5 - entry33 7.5
entry34 11.0 - entry17 4.0
entry17 8.5 - entry35 6.5
entry17 10.0 - entry36 5.0
entry37 8.0 - entry17 7.0
entry17 10.0 - entry38 5.0
entry17 10.0 - entry39 5.0
entry18 7.5 - entry19 7.5
entry20 9.0 - entry18 6.0
entry21 9.0 - entry18 6.0
entry22 8.0 - entry18 7.0
entry23 9.0 - entry18 6.0
entry18 8.5 - entry24 6.5
entry25 11.0 - entry18 4.0
entry18 7.5 - entry26 7.5
entry18 14.0 - entry27 1.0
entry18 8.0 - entry28 7.0
entry29 8.0 - entry18 7.0
entry18 9.0 - entry30 6.0
entry18 9.0 - entry31 6.0
entry32 8.0 - entry18 7.0
entry33 8.0 - entry18 7.0
entry34 10.0 - entry18 5.0
entry35 9.0 - entry18 6.0
entry18 10.0 - entry36 5.0
entry37 8.0 - entry18 7.0
entry18 10.0 - entry38 5.0
entry39 12.0 - entry18 3.0
entry19 8.0 - entry20 7.0
entry19 10.5 - entry21 4.5
entry22 8.0 - entry19 7.0
entry19 9.0 - entry23 6.0
entry24 8.0 - entry19 7.0
entry25 8.0 - entry19 7.0
entry26 8.0 - entry19 7.0
entry19 10.5 - entry27 4.5
entry19 7.5 - entry28 7.5
entry19 10.5 - entry29 4.5
entry30 8.0 - entry19 7.0
entry19 8.0 - entry31 7.0
entry19 9.0 - entry32 6.0
entry19 8.0 - entry33 7.0
entry34 8.0 - entry19 7.0
entry19 8.0 - entry35 7.0
entry19 9.0 - entry36 6.0
entry37 8.0 - entry19 7.0
entry19 9.0 - entry38 6.0
entry19 9.0 - entry39 6.0
entry20 9.5 - entry21 5.5
entry20 8.0 - entry22 7.0
entry23 8.5 - entry20 6.5
entry20 9.0 - entry24 6.0
entry20 9.0 - entry25 6.0
entry26 8.0 - entry20 7.0
entry20 12.5 - entry27 2.5
entry20 9.0 - entry28 6.0
entry29 8.0 - entry20 7.0
entry20 9.0 - entry30 6.0
entry20 9.0 - entry31 6.0
entry32 8.5 - entry20 6.5
entry20 9.0 - entry33 6.0
entry20 9.0 - entry34 6.0
entry20 7.5 - entry35 7.5
entry20 8.0 - entry36 7.0
entry20 10.5 - entry37 4.5
entry38 8.5 - entry20 6.5
entry20 11.5 - entry39 3.5
entry22 11.5 - entry21 3.5
entry23 9.5 - entry21 5.5
entry24 10.0 - entry21 5.0
entry21 9.0 - entry25 6.0
entry21 7.5 - entry26 7.5
entry21 11.5 - entry27 3.5
entry21 9.0 - entry28 6.0
entry29 9.0 - entry21 6.0
entry21 9.0 - entry30 6.0
entry31 8.5 - entry21 6.5
entry21 8.0 - entry32 7.0
entry21 9.0 - entry33 6.0
entry21 9.0 - entry34 6.0
entry35 8.0 - entry21 7.0
entry21 9.5 - entry36 5.5
entry21 9.0 - entry37 6.0
entry21 9.5 - entry38 5.5
entry21 7.5 - entry39 7.5
entry23 9.0 - entry22 6.0
entry22 7.5 - entry24 7.5
entry22 7.5 - entry25 7.5
entry22 11.0 - entry26 4.0
entry22 14.0 - entry27 1.0
entry22 8.0 - entry28 7.0
entry22 8.5 - entry29 6.5
entry30 8.0 - entry22 7.0
entry22 9.0 - entry31 6.0
entry22 8.5 - entry32 6.5
entry22 8.0 - entry33 7.0
entry22 7.5 - entry34 7.5
entry22 9.0 - entry35 6.0
entry22 10.0 - entry36 5.0
entry22 7.5 - entry37 7.5
entry22 10.0 - entry38 5.0
entry22 10.0 - entry39 5.0
entry23 9.0 - entry24 6.0
entry23 9.0 - entry25 6.0
entry26 9.0 - entry23 6.0
entry23 11.5 - entry27 3.5
entry23 9.0 - entry28 6.0
entry23 8.0 - entry29 7.0
entry23 9.0 - entry30 6.0
entry23 9.0 - entry31 6.0
entry32 9.5 - entry23 5.5
entry23 9.0 - entry33 6.0
entry23 9.0 - entry34 6.0
entry35 8.5 - entry23 6.5
entry36 8.0 - entry23 7.0
entry23 10.5 - entry37 4.5
entry38 9.5 - entry23 5.5
entry23 10.5 - entry39 4.5
entry25 10.5 - entry24 4.5
entry24 8.0 - entry26 7.0
entry24 14.0 - entry27 1.0
entry24 7.5 - entry28 7.5
entry29 8.0 - entry24 7.0
entry24 9.0 - entry30 6.0
entry24 9.0 - entry31 6.0
entry32 8.0 - entry24 7.0
entry33 9.0 - entry24 6.0
entry34 10.5 - entry24 4.5
entry24 10.0 - entry35 5.0
entry24 10.0 - entry36 5.0
entry24 7.5 - entry37 7.5
entry24 10.0 - entry38 5.0
entry39 8.0 - entry24 7.0
entry25 8.0 - entry26 7.0
entry25 14.0 - entry27 1.0
entry28 9.0 - entry25 6.0
entry29 8.0 - entry25 7.0
entry25 7.5 - entry30 7.5
entry25 9.0 - entry31 6.0
entry32 8.0 - entry25 7.0
entry33 10.5 - entry25 4.5
entry34 8.5 - entry25 6.5
entry35 9.0 - entry25 6.0
entry25 10.0 - entry36 5.0
entry37 9.5 - entry25 5.5
entry38 9.0 - entry25 6.0
entry39 12.0 - entry25 3.0
entry26 10.5 - entry27 4.5
entry26 7.5 - entry28 7.5
entry26 7.5 - entry29 7.5
entry30 8.0 - entry26 7.0
entry31 8.5 - entry26 6.5
entry32 9.0 - entry26 6.0
entry26 8.0 - entry33 7.0
entry34 9.5 - entry26 5.5
entry26 8.0 - entry35 7.0
entry26 9.0 - entry36 6.0
entry37 8.0 - entry26 7.0
entry26 9.0 - entry38 6.0
entry26 9.0 - entry39 6.0
entry28 14.0 - entry27 1.0
entry29 10.5 - entry27 4.5
entry30 14.0 - entry27 1.0
entry31 9.5 - entry27 5.5
entry32 11.0 - entry27 4.0
entry33 14.0 - entry27 1.0
entry34 12.0 - entry27 3.0
entry35 14.0 - entry27 1.0
entry36 9.5 - entry27 5.5
entry37 12.5 - entry27 2.5
entry38 13.0 - entry27 2.0
entry39 13.0 - entry27 2.0
entry29 8.0 - entry28 7.0
entry28 9.0 - entry30 6.0
entry28 9.0 - entry31 6.0
entry32 8.0 - entry28 7.0
entry33 8.0 - entry28 7.0
entry28 9.0 - entry34 6.0
entry35 9.0 - entry28 6.0
entry28 10.0 - entry36 5.0
entry37 9.5 - entry28 5.5
entry28 8.0 - entry38 7.0
entry28 8.0 - entry39 7.0
entry30 8.0 - entry29 7.0
entry31 8.5 - entry29 6.5
entry29 7.5 - entry32 7.5
entry29 8.0 - entry33 7.0
entry29 8.0 - entry34 7.0
entry29 8.0 - entry35 7.0
entry29 9.0 - entry36 6.0
entry29 8.0 - entry37 7.0
entry29 9.0 - entry38 6.0
entry29 9.0 - entry39 6.0
entry30 10.0 - entry31 5.0
entry32 8.0 - entry30 7.0
entry33 10.5 - entry30 4.5
entry34 8.0 - entry30 7.0
entry35 9.0 - entry30 6.0
entry30 10.0 - entry36 5.0
entry37 9.0 - entry30 6.0
entry38 9.0 - entry30 6.0
entry39 12.0 - entry30 3.0
entry31 8.0 - entry32 7.0
entry33 9.0 - entry31 6.0
entry31 8.0 - entry34 7.0
entry35 9.0 - entry31 6.0
entry31 8.0 - entry36 7.0
entry37 9.0 - entry31 6.0
entry38 9.0 - entry31 6.0
entry39 9.0 - entry31 6.0
entry32 8.0 - entry33 7.0
entry32 10.0 - entry34 5.0
entry32 8.0 - entry35 7.0
entry36 8.5 - entry32 6.5
entry32 8.0 - entry37 7.0
entry38 10.5 - entry32 4.5
entry32 9.5 - entry39 5.5
entry34 11.0 - entry33 4.0
entry35 9.5 - entry33 5.5
entry33 10.0 - entry36 5.0
entry37 8.0 - entry33 7.0
entry33 10.0 - entry38 5.0
entry39 12.0 - entry33 3.0
entry35 9.0 - entry34 6.0
entry34 8.0 - entry36 7.0
entry37 11.5 - entry34 3.5
entry38 9.0 - entry34 6.0
entry34 8.5 - entry39 6.5
entry35 10.0 - entry36 5.0
entry35 12.0 - entry37 3.0
entry38 8.0 - entry35 7.0
entry35 10.0 - entry39 5.0
entry37 8.5 - entry36 6.5
entry38 8.5 - entry36 6.5
entry39 8.5 - entry36 6.5
entry38 8.0 - entry37 7.0
entry37 8.0 - entry39 7.0
entry39 8.5 - entry38 6.5
